// Jest Snapshot v1, https://goo.gl/fbAQLP

exports[`renders all the pieces 1`] = `
<div>
  <h2>
    Compelling Aspects
  </h2>
  <p>
    Accept a complication for a fate point.
  </p>
  <dl>
    <dt>
      Event-based
    </dt>
    <dd>
      You have ____ aspect and are in ____ situation, so it makes sense that, unfortunately, ____ would happen to you. Damn your luck.
    </dd>
    <dt>
      Decision-based
    </dt>
    <dd>
      You have ____ aspect in ____ situation, so it makes sense that youâ€™d decide to ____. This goes wrong when ____ happens.
    </dd>
  </dl>
</div>
`;
