// Jest Snapshot v1, https://goo.gl/fbAQLP

exports[`renders all the pieces 1`] = `
<div>
  <h2>
    Earning Fate Points
  </h2>
  <p>
    Earn fate points when you:
  </p>
  <ul>
    <li>
      Accept a compel
    </li>
    <li>
      Have your aspects invoked against you
    </li>
    <li>
      Concede a conflict
    </li>
  </ul>
</div>
`;
