// Jest Snapshot v1, https://goo.gl/fbAQLP

exports[`renders all the pieces 1`] = `
<div>
  <h2>
    Four Actions
  </h2>
  <dl>
    <dt>
      Overcome
    </dt>
    <dd>
      get past an obstacle
    </dd>
    <dt>
      Create an Advantage
    </dt>
    <dd>
      invoke an aspect for free
    </dd>
    <dt>
      Attack
    </dt>
    <dd>
      harm another character
    </dd>
    <dt>
      Defend
    </dt>
    <dd>
      prevent attacks or advantages on you
    </dd>
  </dl>
</div>
`;
