// Jest Snapshot v1, https://goo.gl/fbAQLP

exports[`renders all the pieces 1`] = `
<div>
  <h2>
    Game Time
  </h2>
  <dl>
    <dt>
      Exchange
    </dt>
    <dd>
      time for everyone to get a turn
    </dd>
    <dt>
      Scene
    </dt>
    <dd>
      time to resolve a situation
    </dd>
    <dt>
      Session
    </dt>
    <dd>
      a single sitting
    </dd>
    <dt>
      Scenario
    </dt>
    <dd>
      an episode
    </dd>
    <dt>
      Arc
    </dt>
    <dd>
      a season
    </dd>
    <dt>
      Campaign
    </dt>
    <dd>
      the entire game in a particular setting
    </dd>
  </dl>
</div>
`;
