// Jest Snapshot v1, https://goo.gl/fbAQLP

exports[`renders all the pieces 1`] = `
<div>
  <h2>
    Refresh
  </h2>
  <p>
    At the start of a new session, you reset your fate points to your refresh rate. If you ended the last session with more points, you keep the extra. At the end of a scenario, you reset to your refresh rate no matter what.
  </p>
</div>
`;
