// Jest Snapshot v1, https://goo.gl/fbAQLP

exports[`renders all the pieces 1`] = `
<div>
  <h2>
    Skill Roll
  </h2>
  <p>
    Roll four 
    <em>
      Fate dice
    </em>
     and add to 
    <em>
      skill rating
    </em>
    . Compare to opposition. For each step on the ladder greater than your opposition, you earn a 
    <em>
      shift
    </em>
    .
  </p>
</div>
`;
